package base
import "github.com/wawandco/fako"

func init(){
}